couchdb
sysbin
user
avahi
hplip
halt
uucpadm
user1
saned
noaccess
auditor
dev
lpadmin
man
Administrator
operator
sgiweb
admin
proxy
umountsys
apc
informix
www-data
newuser
webmaster
wampp
lpadm
dni
ROOT
invite
sshd
sys
4Dgifts
haldaemon
backup
nobody
xpopr
lp
cmwlogin
mountfsys
manager
anon
rje
vagrantADMIN
prod
guest
adminx
web
dbadmin
mountfs
daemon
user2
ftp
postgres
distccd
us_admin
service
games
OutOfBox
libuuid
mountsys
fal
both
irc
setup
me
anonymous
postmaster
mail
kernoops
messagebus
nuucp
system
zabbix
god
adm
role1
remote
checksys
tomcat
sym
umountfsys
pi
nxpgsql
rfindd
administrator
sysadmin
avahi-autoipd
fax
test1
sysadm
pass
gnats
udadmin
sigver
checkfs
news
trouble
gopher
symop
checkfsys
popr
vagrantadmin
security
list
bbs
umountfs
apache
diag
xampp
listen
xampp-dav-unsecure
unix
rooty
USERID
chronos
EZsetup
printer
sync
oracle
cisco
pulse
administrateur
karaf
test
install
bin
lynx
root
speech-dispatcher
system_admin
vagrant
demos
demo
gropher
nobody4
ultra
xpdb
syslog
gdm
www
uucp
