publ1c
test2
SECRET
SECURITY
IBM
all
snmp
rmon
system
rw
NoGaH$@!
user
dilbert
db2password
password
router
snmptrap
Security
ibm
OrigEquipMfr
TEST
Admin
network
cc
secret
internal
ilmi
Public
SWITCH
tiv0li
all private
4changes
System
Switch
world
tivoli
ANYCOM
tech
letmein
0
root
read
bintec
CR52401
db2fenc1
db2admin
ro
xampp
PRIVATE
TENmanUFactOryPOWER
vagrantcalvin
tomcat
SYSTEM
netman
c
sun
Secret
security
trap
admin
fubar
tiger
openview
sanfran
read-only
enable
turnkey
cable-d
pass
adm
CISCO
solaris
core
access
ILMI
2read
role1
sys
switch
xyzzy
0392a0

scotty
public
field
read-write
s3cret
debug
readwrite
postgres
1234
123456
freekevin
wampp
pr1v4t3
Intermec
hp_admin
l2
proxy
s!a@m#n$p%c
regional
rmon_admin
blue
SNMP
ppmax2011
db2pass
SUN
superuser
guest
SNMP_trap
field-service
dasusr1
write
snmpd
default
apc
intermec
vagrant
agent
manager
red
canon_admin
yellow
hello
monitor
db2pw
private
san-fran
community
all public
rwa
mngt
cisco
C0de
seri
l3
test
PUBLIC
agent_steal
none
db2inst1
Private
