mypc123
sabrina
finite
33333
micro
stacy
chip
bubbles
2222
allo
ficha
scorpio
monisima
wolfgang
karen
andrew
wholesale
iwantu
1111111
12345678
shit
javascript
soccer
packard
backupexec
peace
administracio
tomato
perry
gretchen
mikael
lacrosse
free
qwerty80
salasana
wolves
dantheman
libraries
tintin
brandon
ginger
dat
bulldog
pass12
passport
rje
psycho
skiing
jenny1
cgi-win
squirt
bfi
persimmon
papers
domino
enllacos
volley
harold
boogie
ini
333333
ncc1701d
999999
159951
athena
maxwell
gabriel
nathan
cmd
lotus
frogs
elsie
bakup
naked
superuser
praise
winner
lindsay
aspateso19
php
rain
margaret
dolphins
reality
stephani
sexsex
leroy
kim
squirt
010203
percolate
grumpy
mark
paramo
noticia
reznor
pujar
nanacita
julian
history
popeye
protel
candi
mmmmmm
estate
wstats
apple
anne
grateful
daddy
mypassword
beloved
7654321
packers
panda
canada
spooky
mysql
beavis
minimum
pork
richard
jessie
ver
kawasaki
87654321
borsa
ayuda
beer
manager
burton
camaro
christina
template
rosebud
proveedores
vfs
anchor
victory
cats
kathleen
9999
programari
wolf
cool
sebastian
billing
default
nonono
test!
logout
empresas
asshole
christin
amy
asd123
112233
whatever
jazz
herramientas
muffin
controller
zzzzzz
1234554321
intro
iloveyou2
soccer1
exchadm
tubas
norman
scripts
shelley
jack
winston
123456789
fantasy
pelirroja
head
edward
vanilla
2002
jackass
snoopdog
password!
55555
erenity
barney
freedom
panthers
qwerty12
92072
brandy
risc
traci
spanky
counter
tom
marty
nascar
provas
debug
apache
birdie
asterix
allison
scr
crapp
herbert
melissa
butch
poohbear1
pentium
guitar
carol
friend
great
madison
crawford
forever1
christy
roman
nobody
ingres
articulo
pacers
lucky1
felipe
lasvegas
cherry
yamaha
wisdom
realmadrid
1111111111
cert
hawaii
pam
cliente
orange
jer2911
forest
bird
secret
paris
barney
console
adrian
puneet
registres
devel
opus
tango
family
booboo
botiga
exchange
smiths
madonna
rascal
catalogo
compra
liverpool
xml
cunt
mustang
hermes
symmetry
austin
simpsons
export
jeanette
messages
ironman
mkstats
alfred
science
monster
dogbert
erica
252525
audit
excalibu
123456a
ldap
septembe
respaldo
felicia
rebecca
septiembre
scorpio
missy
temas
warriors
wolverin
1979
oliver
saints
cooper
shorty1
lebesgue
badboy
dragon
nick
confirmacio
single
compaq
vacio
stephen
tiger
cristian
sheffield
wusage
transit
fucker
privado
julia
picture
mother
principal
leather
strat
conrad
pirate
ssssss
ginger
01012011
elliot
imperial
establish
ruben
impala
dean
somebody
knight
nss
696969
mistress
boot
tyler
engineer
computer
galina
annie
russell
zxccxz
smokey
basil
fylhtq
explorer
mercedes
softball
deadhead
advil
sinegra
var
webdata
88888
speedy
horses
1986
fucker
elizabet
14430
cuddles
erotic
panther
pantera
cheryl
fuckme
helen
hiphop
dakota
123789
junior
select
attila
koala
power
myriam
walker
natalie
tiger
import
mdb
promethe
joker
socrates
cassie
november
glenn
tammy
betsie
rachel
jesusc
trabajador
albatross
servlet
marine
babygirl
db
boobs
jkm
goblue
juegos
genesis
berkeley
dakota
src
my-sql
surf
ikusi
arsenal
kitten
digital1
panda1
metal
peoria
d
bubbles
sal
domino
qweasd
kirill
bear
4runner
prueba01
cougar
alaska
shaved
galore
julie1
digital
butter
royal
gizmo
mercury
trabajo
ballin1
leland
pamela
buzon
harley
jeremy
beautifu
genesis
gabriela
pondering
mazda1
video
today
harley
cumming
plano
13579
merlin
infinity
baby
backups
metabase
player
purchases
henry
asdf1234
alyssa
number1
kirkland
charlie
apps
alias
sydney
olivier
ruslan
wendi
blonde
red
software
seven
benson
slacker
147852369
kelly1
0000
froggy
backoffice
foolproof
photoshop
wwwlog
peanut
tweety
dallas
tucker
mokito
pamela
sunny
frogfrog
alpine
msql
q1w2e3
pyramid
campbell
brenda
house
sting1
rambo1
deedee
sesame
porque
liverpoo
heart
fuck
qwerty
bea
argentina
publicacions
erotic
condom
pruebas
compaq
users
danger
admin123
camaro
ips
olivia
inna
blondie
norman
vision
emmanuel
angelica
nopassword
random
press
fonts
poll
sheba
delta
samantha
buttons
sunshine
comunes
titanic
localitzador
theboss
directorio
casper
passw0rd
base
young
krista
olvidado
wolf
saturn
amelie
laura
badass
hunting
murphy
zxcxz
adm
therock
yfnfif
dev
steelers
robotics
cherry
131313
webster
doctor
dav
scorpion
wyoming
wizard
yankees1
vision
flowers
1
irene
wisconsin
logfile
wilson
bigdaddy
descarga
francis
anna
perlita
66666
~
tweety
ass
search
loveme
andrew
symbol
azure
bigdog
ryan
corwin
xmodem
12341234
bond007
patricia
hardcore
clusters
developement
sailor
webcart
bertha
logon
cathy
hola
222222
01
topgun
admin1
site
anderson
jackie
trees
incs
qweasdzxc
janie
marvin
badass
shelly
123asdf
j
eternity
99999999
passwords
springer
arnold
pls
dulce
yellow
warner
historic
puppy
stalker
54321
banca
home123
ruth
coleccion
transfer
mutant
pol
training
ranger
151515
smooth
france
aliens
tekila
dmz
whisky
reggie
hell
hottie
freddy
united
horses
tracy
doggie
0987654321
taylor
arriba
snowfall
macha
mantra
mailman
indian
buzones
marine
admin
penis
maximus
zmodem
wizard
fire
messenger
rush2112
coyote
data
netware
imagine
clientes
appliance
lionking
doug
abcd1234
light
inc
toggle
midnight
hunter
esupport
gregory
laser
stanley
administracion
skipper
old
acces
birdie
registro
8675309
online
simon
forest
fantasia
connie
scuba1
penis
exec
dead
admin12
spanish
core
teresa
utilities
fgh
shiva
office
victor
betty
logger
zxcvb
girl
brian
cheese1
tommy
prueba2
gibson
yankees
entorns
barbara
tits
dolphin
imbroglio
5150
messaging
kevin
trombone
iceman
Statistics
mexico
novetats
789456123
salvar
articles
sexsex
rosie
sony
hydrogen
banks
wright
xxxxxx
nimrod
2112
oracle
teresa
primer
public
jessica
albert
traffic
auditoria
aaaaaaaa
beater
test2
blowfish
health
comunicacion
college
420420
simple
rabbit
reagan
put
scruffy
cards
employees
zapata
javier
q1w2e3r4
sampson
cfdocs
music
scarlet
cameron
winnie
superman1
boss
naughty
gardner
firebird
rhonda
hockey
soccer
adg
cshrc
beaner
PRUEBA
valerie
ariadne
anthony
organizacion
american
iloveyou.
danny
phoenix
chris1
sunrise
654321
cumshot
amadeus
examples
init
descarregues
control
e-mail
qweewq
october
orders
sheila
names
tobias
hammer
tablas
fishing
echannel
fender
dan
anthony
paso
passwd
directory
alicia
claves
maddog
plato
magnum
kristen
apple1
alexandr
dades
daniel
ranger
component
spring
brewster
certificate
swordfis
bigcock
loveyou
manutd
peaches
sparky
acceso
naked
kakaxaqwe
chester
gretzky
benjamin
publicar
stats
chevy
prueba
vell
qwaszx
violet
naomi
gone
lauren
dick
8675309
tony
minsky
computer1
winter
taylor1
macromedia
cyrano
1212
platinum
098765
cloclo
sweetie
activitats
shannon
1993
doggie
Sources
khan
really
asm
yoda
kitty
coger
binky
preview
front242
legend
stormy
actual
iknowyoucanreadthis
passes
analog
downloads
logan
cannon
grover
china
andre
serega
weenie
active
mike
tot
shithead
cookie1
list
sylvie
zeus
10sne1
banane
danielle
women
1982
jorgito
mostres
young
bonita
es
soyhermosa
rallitas
star69
noticias
mongola
123go
great
rabbit
caren
sumari
tarjetas
incoming
servlets
88888888
cheese
major
dragon1
killer
white
qosqomanta
hector
admon
martin
piano
tienda
beatles
francisco
3333
carter
forums
ssi
mitchell
megan
xxxxxxxx
ronaldo
document
ferret
beavis
bigbird
meta
03
seguridad
steelers
italia
libs
ath
ne
password2
chelsea
snoopy1
owner
plover
7777777
docs41
samsung
piff
fucked
qwaszx
abgrtyu
passport
marvin
ledzep
attachments
player
ajuda
rainbow
1234567
html
69696969
tomcat
houston
developers
guardar
catalegs
jackie
goober
lewis
1sanjose
asdfghjk
binaries
servando
changeme
family
pearljam
ustats
michael
elephant
chuck
newport
leonard
operator
555555
linda
marina
7654321
nopass
horus
winner
share
twitter
venus
ogl
precious
ne1469
william
imatge
files
jrun
reseller
backdoor
registre
en
executable
plane
noxious
0246
pastor
yellowstone
steven
beach
braves
ford
hootie
gordon
shop
tsts
dougie
user1
imagenes
animal
bigdick
store
angels
qwert
slayer
raptor
giants
raven
cricket
database
me
hornet
braves
benoit
jixian
batman
romano
lee
asdsa
meow
cccccc
girl
cookies
about
dataz
publisher
deliver
1987
bigdaddy
cosmos
karina
sestosant
system
987654
becky
mara
polly
sheldon
jaguar
josie
PASSWORD
soap
booty
sources
hal
minou
foofoo
melanie
einstein
212121
einstein
nautica
sarah
mine
amanda
william1
jenifer
goat
flipper
texto
indiana
1991
christ
wayne
password1
raider
gunner
utility
catala
colecciones
diesel
wolfMan
profile
rochelle
stacey
download
raleigh
chem
titulars
members
lost+found
antiguo
avalon
secret
installation
centros
0987654321
london
suckit
transmissio  
sbdc
views
htdocs
topgun
austin
timosha123
ebriefs
olivia
homer
voodoo
paul
beowulf
index
zipfiles
mustang
sniper
singer
welcome
seguretat
tests
probando
dancer
jim
herman
noticies
pagines
lana
7777
unknown
white
nagel
trabajadores
cat
orwell
Pruebas
button
extra
veracruz
trails
private
college
vagina
awesome
sasha
patricia
webdav
afegir
scarlett
auth
bigred
neptune
sudoku
worship
green1
prueba00
transito
destiny
uucp
chelsea
xcountry
nipples
beer
bdata
clancy
calvin
jimbo
grandma
acciones
chopper
ladybug
asdf123
gandalf
bullet
telefono
scooter1
samuel
asdfgh
7777777
petunia
procesos
87654321
development
security
sucker
defoe
function
taffy
bunny
bin
erika
gorgeous
categories
johnny
valentin
easter
gosling
midnight
skyline
ruby
action
diamond
strawber
bollocks
toxic
bananas
boston
molson
cayuga
guests
catalogs
requisite
1984
russia
algebra
capsalera
lucas
todas
adrianna
99999
caroline
tattoo
soccer2
stargate
disney
stella
internet
jackson
niners
dickhead
amateur
mapa
dejar
italy
rascal
nikita
aria
lucky
servicios
freepass
phpmyadmin
sadie
adminsitradores
dirk
majordom
8888888
sammy
wolf1
5555555
hard
sunflowe
ljf
joel
cactus
janice
felix
absolut
drought
aplicacion
123456
dreamer
jennifer
saxon
lovelove
papito
memory
joanna
rocket
mariah
chicken
000000
love
charlie
passwor
marketing
lazarus
cool
bass
tristan
shadow
asp
5555
patriots
knicks
james
bingo
fermat
links
12345q
monkey
cowboys
fireman
phone
andrey
thomas
55555
cracker
lloyd
1q2w3e4r5t
kleenex
5252
copper
llibres
racing
asdzxc
aaaaaa
morley
dos
harvey
belle
obrir
wally
stratford
frog1
remoto
percy
gators
cocacola
nat
123321
root
simon
darwin
robbie
japan
unicorn
ingrid
edwin
007007
11111
school
subir
playboy
global
1992
shopper
captain
diablo
booster
peewee
fozzie
hello1
preston
compton
sqlexec
kristie
garnet
fiona
sandy
donna
555555
forever
marilyn
jessica
hello
heidi
sun
lynn
sweetpea
outgoing
monica
windows
cerca
carrie
amorphous
laurie
blue
jdbc
proyecto
budlight
spiderma
drummer
adrian
georgia
hide
1994
zap
little
metallic
properties
pomme
sarah
collins
temptemp
virus
newpass
peggy
welcome
5683
bonnie
diseno
boomer
blowme
wellcome
donald
canced
maggie
test00
miller
hal9000
zaphod
fishing
zxcvbnm
golden
colleen
jordan1
cachonda
russia
5555
wheels
sakura
work123
marley
stat
mot
paulis
craig
article
tech
elizabeth1
christin
rebecca
nita
running
negrita
4815162342
elvis
Provas
bears
allison
rock
blonde
cyclone
campus
tape
codeword
naub3.
natasha
raiders
789456
lakers
michele
walker
fitxers
123654789
recull
monday
gibson
application
duckie
michelle
work
spencer
snake
01011980
147258
pirate
eclipse
horny
united
guinness
florida
freddy
scratc
fox
catalog
stinky
brujita
chevelle
shuttle
todo
beatles
carta
abigail
investigado
tmp
benny
lockout
library
banana
bruce
therock
jocs
hendrix
couscous
harmony
goblue
lover
derecha
benz
spike
flip
joyce
wormwood
tennis
faggot
blazer
charlie1
logical
usuaris
pulgas
marcus
izquierda
tuttle
matt
thunder
c
warren
pepsi
mikey
michigan
chris6
suzuki
gordon
thailand
angels
green
poster
lorin
deutsch
alice
derek
pencil
bobby
princess
teacher
frame
freeuser
77777
watson
qwer1234
dave
vagina
graham
cartman
creative
ricardo
1951
sites
bai
rachmaninoff
monica
carmen1
ariel
badger
dick
cabecera
prayer
zapato
blizzard
snoopy1
6969
reynolds
update
66666666
cumming
creditcards
poiuyt
matthew1
cock
titular
sistemas
dreamer
silver
tigers
playboy
claire
1234567890
chocolate
harry
entidades
acura
liz
packers
blondes
hotdog
florida
valhalla
alison
anita
basf
avalon
projectes
loveme1
slipknot
raiders
232323
jojo
jake
champion
rangers
melissa
batch
general
cvs
instalacion
lib
adobe1
a1b2c3
tamie
susan
zzzzz
4128
publicaciones
customers
asshole
temp123
salou25
coke
testing
911
cache
gestion
loveme
qwertyui
seven7
electric
millie
nicholas
swimming
spring
xyz
beverly
tanya
nirvana
heinlein
bradley
cinder
sparrow
launch
packer
fletch
victor
reginternal
saved
notused
pages
pookie
corrado
987654
1313
sunny1
servers
black
francois
princeton
fucked
123654
williams
loser1
simple
word
asdfgh
darkness
london
informacio
homepage
passion
flight
guess
friends1
orange1
protozoa
hidden
nelson
express
voyager
paris
michael
usuarios
money
200
ncc1701
new
correu
seccio
casey
svetlana
kermit
morgan
casper
property
sweety
misha
barry
requiem
q1w2e3
alexander
fucking
willow
viper
sitio
brandi
baskeT
skipper
nurse
conecta
salut
slut
greg
pussies
intern
lifehack
80486
7777
mark
chapman
tools
flamingo
joe
badger
include
polina
srinivas
jupiter
passion
contenedor
bigtits
editor
timosha
guest
lalala
suzie
oatmeal
adobe123
tester
chiquita
anthropogenic
cheese
0007
pass1
a1b2c3
catfish
get
russell
usuari
willie
bootsie
shotgun
eric
meagan
princesa
galaxy
moguls
4128
Logs
arrow
benjamin
xxxx
tits
reports
format
zxc123
nuclear
friend
parisdenoia
barbara
ib6ub9
777777
warrior
kelson
beryl
terry
cricket
lemmein
berlin
justice
asdfghjkl
williams
Pages
1a2b3c
hunter
inside
marlboro
angel
111111
trisha
californ
disney
class
smiles
simba
tangerine
number9
rosebud
superman
maryjane
bambam
natasha
prova
floyd
logging
predator
maxime
eddie
dolphins
pokemon
iloveu
foobar
remember
internal
1981
1234567
abc123
newcourt
lala
comunicaciones
basketball
time
xfiles
tomcat
perros
smith
gucci
nicasito
test123
enterprise
snoopy
bank
utopia
rocky
bronco
penguin
dispatch
enjoy
llamada
future
genius
subway
raquel
3333333
cd
tootsie
looney
joseph
vampire
registros
cgibin
iloveyou
recerca
news
helpme
archivar
accord
flyers
cgi-bin/
ccs
kramer
bridge
escuela
entitats
statistic
frank
entropy
driver
martin1
frodo
config
9999999
gopher
next
undead
256879
externes
dexter
keep
roy
treballadors
a12345
lois
dance
walter
alison
rusty
shivers
marlboro
bronco
1969
bolsa
rachelle
ghost
cumshot
1978
thx1138
info
000000
qweqwe
test1
lestat
nicole1
botones
esp
tecnico
2
tigger1
fred
jean
asdfjkl;
jeremy
jasper
sensor
crazy
carson
dbms
hanna
Prova
mary
raiz
taylor
action
bitch
woody
aaaa
angie
bamboo
qwerty1
mostrar
google
sys
puppy123
toyota
hansolo
nuevopc
cherokee
natation
catalogos
nirvana
junior
monkey1
36633663
a1b2c3d4
1234qwer
mookie
wiesenhof
jordan23
personals
show
maquinari
2112
newyork
razz
kerrie
macintosh
semperfi
123456789q
red123
sondra
notes
mitchell
sharon
golf
777777
1q2w3e
elements
kakka
float
patches
tpv
joshua
sessions
bullshit
edinburgh
demos
bullshit
nissan
yankee
12345678
garden
group
glossari
replicate
howard
drowssap
viking
gaby
bandit
carolina
prince
top
chance
ou812
erin
loveyou
qwerty1
zephyr
2222
fairway
beethoven
kristy
hanson
madman
voodoo
buddy
friday
dirty
eatme
cerulean
video
gfhjkm
mirrors
python
telephone
antic
quebec
sharks
prova1
windows
dbm
thx1138
startpage
query
nissan
puerta
shoes
sumario
fungible
iloveyou
writer
abc
francis
tigre
visa
clark
121212
asdfasdf
clipper
america
77777777
summer1
externos
sales
zombie
salo
booger
samsung
david
comrade
dmsmcb
awesome
boogie
website
mitjans
valentin
western
miranda
porsche
mishka
qwertyu
adidas
whiting
santa
fdsa
tierno
marcus
adriana
weasel
faithful
idiot
abcdefg
snow
boston
speedy
cuentas
franklin
berliner
unhappy
444444
wendy
berri
mozart
131313
alaska
mickey
lucky
apple
boris
scout
xavier
852456
configuracion
nigger1
groups
qazwsx
mike
fire
suckit
ysrmma
edges
rochester
lady
eminem
programa
restricted
aspen
ppal
martin
august
session
billy
example
mail
trouble
soleil
morenita
crs
skippy
zeppelin
naughty
newyork
password12
viking
trek
pericles
oscar
aliases
dasha
buffy
titimaman
pw
bubbles1
money1
louise
147147
petalo
executables
phantom
toby
cfi
steele
empire
rolex
qwe123
mexico
listar
rules
33333333
login
graphic
guinness
snatch
detroit
baseball
hanlder
marcel
vegeta
abgrtyu
hentai
desarrollo
bridget
eric
moocow
horney
baseball1
elite
cc
wanker
bernard
todos
eugene
paginas
punkin
alexander
golfer
abcde
cs
futbol02
muffin
bigtits
klaster
victoria
visitor
4444
lisp
republic
beauty
alberto
spirit
patoclero
helpme
catherine
stars
brandon
shell
pat
burgess
jesus
dragonfl
1q2w3e4r
jesus
judith
asddsa
nelson
goofy
lol123
buscar
trident
antonio
bak
shorty
nellie
Admin
sonia
jonathan
mp3
friends
hentai
mellon
2001
zenith
guitar
main
airplane
josh
viejo
brooke
sharc
mountain
stupid
elephant
buddy
online
yankees
snuffy
123qwe
bach
rolltide
sublime
piolin
seccion
production
ximena
church
sysadmin
horny
organizaciones
telecom
eagle1
Log
sql
startrek
abajo
cedic
peaches
slut
a123456
star
dusty
turtle
players
target
gateway
carmen
archivos
wolverin
lucky1
honda
llaves
silver
1234
TESTS
gandalf
123456
water
gerald
maryjane
kitten12
georgia
penguin
fish1
campanile
juego
adidas
wanker
mistress
databases
sapphire
eduardo
menu
header
remote
job
mqseries
monet
angel
secured
camila
administration
kevinn
stargate
secrets
deluge
boomer
sections
motorola
pickle
hawk
usr
elvis
debbie
pas
spunky
sw
zaq12wsx
1q2w3e
foto
trivial
inicio
oksana
user
guido
gofish
message
stupid
pussy
janet
fuckyou2
nascar
summer
presto
pluto
caitlin
airborne
beatriz
fluffy
mimi
999999
cynthia
util
maddog
gatt
private
anderson
frog
docs51
1974
campanyes
cfj
jason
ejemplo
maxwell
kingfish
kevin
law
1qazxsw2
noreen
sports
prueba1
tennis
academia
charon
bustia
lindsey
smile
333333
carter
golden
steven
gumption
maggot
professor
publico
hello
123456789
my
client
theresa
snowball
operacio
buster
shorty
hunting
portal
sell
pub
colorado
timber
DEMO
marietta
of
panther
chicago
master
garfield
bumbling
azerty
test
veronica
changeme
happy
alisa
odbc
saioa
eagle1
dundee
charity
jenny
glacier
love123
ronica
stinky
claire
dapper
cgj
nipples
buzz
field
jared
nucleo
pacific
doogie
butthead
fluffy1
panties
suzanne
redsox
1022
12345a
laddie
harrison
innocuous
october
xxxxx
adam
jan
banco
winter
123123a
blowjob
6666
surfer
bobcat
america
55555555
creative
baby
source
qqq111
unix
grant
elijah
nutrition
spider
bigman
eines
h2opolo
tinkerbell
truck
reddog
nancy
123abc
shannon
palabra
abcd
gertrude
auto
pizza
dreams
2003
niki
minecraft
picasso
loser
jamaica
section
automatic
tree
hoops
bob
lizard
taurus
foxtrot
master
@
scooby
oldie
multimedia
rosita
3
sally
vertigo
spider
bullet
recoger
hendrix
fletcher
02
11223344
functions
lori
aeh
ladies
customer
bidali
shit
valentinchoque
dgj
johnson
creosote
cascade
super
contenidos
777
dragon
money159
ninja
logfiles
oxford
kristin
agents
camping
thumper
cuenta
billy
insane
grace
celtic
valeverga
enigma
qweasdzxc
pgsql
teens
movimientos
anvils
scotland
cowboy
explorer
commrades
roxy
teddy1
carole
lizard
ejemplos
corvette
celica
nicholas
tiffany
asdfasdf
yamaha
etc
123456q
emily
planet
parker
karie
santos
arizona
superstage
manolito
bastard
pearljam
aa
rapture
futbol
irish
mssql
shark
girls
sunshine
test
perl
root123
biteme
9379992
888888
ferrari
porter
nigger
786786
canada
kristina
misc
barcelona
bernie
freak1
celtics
nemesis
play
fuck
jupiter
weblog
organitzacions
fuckoff
kimberly
phantom
eagles
caesar
melanie
upload
win95
raymond
postgres
access
manual
lleure
98765432
514007
racoon
nataliag
patches
nepenthe
publish
joy
hazel
phpMyAdmin
zachary
purple
artist
ferrari
jamesbond
blowme
empresa
master1
directori
arrel
1225
ronald
murphy
pmc
faith
tequila
4444
travis
cretin
PRUEBAS
england
teens
monday
q1w2e3r4t5
maint
adsl
scarface
gators
trevor
one
1000
tommy
aupa
qwerty
sylvia
mayday
internet
virginia
williamsburg
sherry
sonya
chess
frankie
isaac
archie
order
storm
00
cooper
frighten
12321
member
domain
12312
mirror
pw123
sergei
buster
cm
sergey
bart
hannah
products
kevin1
zimmerman
adobeadobe
sophie
thomas
elizabet
moomoo
kermit
horney
wildcat
max
bubba
ducati
windsurf
gest
redskins
nou
dreams
leah
tinker
polynomial
maverick
change
oceanography
contingut
molly1
canon
pad
diamond
duncan
stuttgart
jason1
kelly
shirley
research
justin
john
12344321
texts
mars
entregas
suckme
boss123
kathy
cardinal
enamorada
cristina
pandora
cookie
wilbur
trinity
sheena
bean21
flower
william
stephanie
cv
baritone
felicidad
jesuschrist
webadmin
copper
doom
mario
isabel
thunder
jessie
topher
a
sierra
manage
nul
samantha
alejandro
tecnicos
qwertyui
card
12qwaszx
heather
cargar
tots
buck
htmls
sexy
archives
ariane
mogul
joseph
testtest
godzilla
zips
marci
ms-sql
nl
courtney
stanley
makusi
police
eclipse
porta
susana
asdfg
tigger
benito
apollo
extreme
magnum
chico
disk
1234qwer
brooklyn
desperate
sydney
tercer
password123
monitor
victoria
coco
december
angerine
music
booty
salon
robinhoo
gator
desenvolupament
kennedy
albany
bright
invitado
scheme
alexande
666666
jen
12345
deborah
ironman
nebraska
connect
account
baxter
archive
gold
clave
tuesday
diane
december
dominic
123123123
winston
123
cantor
banner
dennis
Demo
submit
rosemary
mountain
beaver
snowman
corvette
spencer
rocket
madison
porsche
homebrew
0249
swimming
mirage
1701d
shaved
snapple
lovely
racerx
trebor
blahblah
hardcore
ingreso
flower
2000
dell
hasi
myspace1
dennis
graymail
caja
eeyore
deb
viper1
mother
cream
pl
nesbitt
victory
turkey
mac
hahaha
poohbear
bobby
lulu
surfer
ann
create
gabriell
159357
picard
borrar
universidad
loverboy
samson
loveyou1
xxxxxx
rush2112
safety
piglet
king
evelyn
personales
bear
diet
money1
island
beach
ashley
dollars
jill
sniper
rufus
654321
salvation
password.
desiree
rosario
nulo
load
abcdefg
soto
arlene
innoweb
shelby
super
student
app
anthony1
nipple
ghbdtn
maverick
celler
gemini
cutie
informacion
robert
basket
jsp
fuckme
dispatcher
roland
Servlet
invitados
bluesky
madmax
trinity
registered
00000
europe
741852963
trustno1
cowboy
987654321
doctor
protect
moikka
abby
actividades
documentos
nada
redskins
pokemon
pestanya
police
success
jensen
hooters
mostra
webstat
stylesheets
eagle
fluffy
shadow1
315475
1966
ftp
147852
serenity
wesley
marni
carlos
informix
smashing
weblogs
success
mercedes
scotty
swearer
martina
Stats
prof
phpbb
paper
douglas
lakers
1qwerty
portada
yang
macintos
includes
personal
travis
froggy
webmaster
bsd
buffalo
actividad
republica
broncos
andy
cobra
amanda
cougar
academic
101010
bishop
crow
fish
00000000
butthead
broncos
phish
aerobics
phoenix1
please
twins
monique
happyday
jordan
segundo
spit
tracie
extreme
memphis
cifrado
games
mindy
wildcats
vfrcbv
rux
007007
112233
paula
chester1
tina
welcome123
molly
mercury
malcolm
aztecs
nigger
fucking
samples
xyzzy
ventana
darkside
ncc1701
rincon
xxx
rachel
pookie
supervisor
dbase
easy
jesus1
jester
tauler
alphabet
123abc
sunset
wrangler
mariposa
design
test01
painless
codigo
country
politics
thumper
bbdd
japan
1980
rpc
brandy
arizona
8888
teddy
rasdzv3
sierra
cassie
kelly
updates
philip
matthew
reculls
noviembre
hacker
tigger
heaven
entorno
lamer
interactive
ford
beebop
math
tequiero
sticky
dodgers
mallorca
artxiboa
urchin
enigma
clustadm
nicole
fun
4321
people
forever
log
tim
christine
entornos
darren
willy
driver
vermont
srchad
xxxx
imatges
1234abcd
basketba
pepper
htm
letras
sugar
arturo
666666
spirit
gasman
abcdef
brutus
ursula
369
barber
lolo
bdatos
valentina
smith
qwertyuiop
women
ecommerce
nothing
muestra
ladle
heaven
saskia
betito
web
buffalo
consuelo
pass
candy
buddha
freedom
smooch
cajon
morgan
erreala
rick
gouge
virginia
phpbb
nicole
shanti
ikebanaa
TEST
bigboy
elanor
gestio
justin1
0
dorothy
marina
orca
computer
monopoly
cesar
pakistan
daniel
crystal
servidor
pasion
peekaboo
happy1
register
presario
jaguar
fender
tivoli
princess
text
george
nintendo
icecream
karina
boton
logitech
alf
dallas
juventus
ms
file
enter
netscape
readme
saturn
252525
servicio
bonjour
creation
usage
misty
abcd1234
snowball
mike1
aurrera
rodent
claude
monster
6666666
sean
happy
otalab
golf
bird33
tool
oliver
godzilla
salmon
bandit
discovery
stars
duke
titouf59
kelsey
pussies
french1
privs
cruise
blink182
badboy
steve
jasper
corba
stingray
libros
hiawatha
webmail
metallica
babygirl
jewels
armando
duncan
jonathan
bd
justin
trouble
alexande
descarrega
leslie
castle
iloveu1
11111111
power
biteme
beanie
howard
eagles
wombat
modem
will
redwings
james1
redrum
zxczxc
enzyme
sailing
tarragon
bodhisattva
bridges
fuckyou
jordan23
service
clients
etoile
sanjose1
buscador
jasmine
slipknot666
randy
locals
liberty
ladies
up
tinker
member
jake
a123456
butter
horse
isis
menace
ncc1701d
spooky
perkele
espanol
director
animals
virtual
alejandra
pepper
qwe123
robotech
nana
arxiu
ireland
script
thunderb
spitfire
olive
romantico
june
abc
garou324
robin
1qw23e
bisounours
brooke
Test
fktrcfylh
scott
sabrina
back
llamadas
warez
louise
repaso
polo
panel
charles
baseball
1975
caballo
spitfire
error
samuel
thursday
gorges
lovers
enjoy
hello123
pookie1
007
taula
w3c
alicia
intranet
greenday1
bitch1
johnny
redwing
none
cluster
knight
joanne
matthew
projecte
help
yomama
suzuki
redsox
gidak
segon
scooby
nguyen
right
edwina
qazwsx
persona
sandra
bluebird
device
chester
fireman
christ
wqsb
graphics
denver
dieter
webmaste
rghy1234
metallica
soapdocs
curtis
medical
woodwind
sandman
pestanyes
nathan
fred
slipknot
pantera
kernel
popcorn
daytek
digger
broken
solaris
nomeacuerdo
crida
timothy
travel
juice
local
lamination
susanne
access
smiley
kingdom
nikita
tybnoq
sexy
passw0rd
miles
zirtaeb
fitxategia
attach
dba
seattle
shadow
shawn
coffee
eagle
mouse1
gabriel
falcon
jasmin
centro
down
please
jeffrey
butterfly
dir
basic
cocacola
willow
test123
rock
redwings
dolphin
pedro
information
sara
champion
eminem
petey
simpsons
bonnie
forum
sandra
bradley
letmein
moose
1928
peanut
mit
challeng
golfer
anything
metallic
code
denise
kept
ximenita
larry
wheeling
pestana
administrator
girls
asdfjkl
Tests
dms
123321
dragons
cowboys
prelude
t-bone
pumpkin
sarita
gray
orion
sonrisa
temp!
bigred
football1
andrea
quest
cecily
miamor
password1
boobies
chicken1
map
ingress
bulldogs
zachary
earth
mission
demanas
photo
arsenal
brittany
11111111
underworld
diana
sunday
external
key
farmer
ruy
letitbe
password
chicago
friday
john316
js
dodger
rangers
134679
warrior
qazwsxedc
raptor
kitty
dreamweaver
lucy
123123
hibernia
zombie
pete
secreto
bitches
indian
traspaso
lorraine
homes
runner
1234
agustin
uranus
coffee
webboard
medios
continguts
Usuckballz1
foo
king
headers
lynne
leather
goforit
justice
mine
tester
753951
111111
moon
blink182
www
alexis
jennifer
applications
radio
smother
texas
fourier
qwerty12
tiffany
patrick
boobs
raindrop
happening
comunicacio
tara
linux
spiderman
tty
markus
11111
marley
staci
roger
danielle
support
doom2
vader
server_stats
speedo
liverpool1
chicken
gina
portland
pagina
michelle
larkin
dixie
sybil
banana
iguana
hebrides
prova2
242424
eng
peu
Administration
jimmy
firebird
esales
1985
1977
sister12
enemy
gnu
minnie
sprite
zhongguo
path
green
hawaii
gatito
adminsql
mypass
imagen
llave
emerald
123456a
jeanne
enter
joey
b
mets
aaaaa
common
hits
quality
heather
scooter
sarah1
kids
star
2000
hermosa
eager
jericho
camille
money
6666
marc
robyn
claus
temes
fichero
hotdog
estefania
blessed
debbie
area
midori
susie
libertad
lacrosse
theatre
annette
oculto
denali
warcraft
password3
christop
aurelie
skidoo
paradise
oradata
bailey
canela
pukayaco14
angus
jackson
tasha
6969
established
sweet
marcy
spanky
santiago
liverpoo
extension
zebra
logs
hotrod
falcon
xxxxx
left
bichilora
content
aylmer
primero
202020
august
hack
cdrom
george
ness
classified
magic
ou812
444444
orange
horizon
egghead
empreses
football
angela
brazil
godisgood
connor
77777777
agafar
rejoice
pass123
naruto
dana
montana
timothy
andromache
diablo
88888888
topography
ersatz
agosto
calvin
chat
brutus
bigmac
broadway
mortimer
chemistry
dave
tecnic
legolas
malcom
bmw
rcs
fishers
22222
terminal
thebest
comrades
edward
1111
charles
juice
monkey
frederic
boots
goober
leslie
signature
theking
muestras
1988
demamar
dookie
richard
232323
merlin
tacobell
tigers
20
mbo
panties
agent
network
scotch
server
12345
keri
douglas
111222
cock
first
sumaris
brooklyn
gilles
utils
whitney
porno
tortoise
222222
1p2o3i
passw
cindy
brenda
hamlet
homer
techno
eprojects
00000000
asdfg
141414
gregory
condo
contents
steph
larry1
srinivas
westside
iwantu
penelope
rafael
staff
lock
gryphon
garfield
michel
black
secure
samson
sex
carolina
qazxsw
plymouth
yaco
jody
courtney
charming
54321
bilbo
giants
correo
umesh
indice
hobbes
0000000
bigdick
foresight
chocolate1
marie1
rainbow
bicameral
carlos
biology
fuckyou1
fuckyou
lauren
friends
batman
sergio
147258369
errors
pix
pdf
forsythe
irishman
1232323q
berenice
blazer
alexandr
hutchins
water
asdfghjk
smokey
daddy
chevy
123123
chocolate
phoenix
sunbird
4321
jester
hockey
trustno1
wolfpack
pwd
million
peter
ama
frank
donkey
cascades
alex1
save
penny
amber
center
lletres
trumpet
marines
pics
jeff
123qwe
fernando
roberto
pimpin
wonder
fitxer
football
disseny
oracl
hooters
121212
fiction
snickers
leer
christia
alpha
chocolat
stephen
whatever
viper
shithead
dickhead
bartman
maggie
squires
guntis
carl
atmosphere
statistics
zxcvbn
10
dog
tabla
contenido
bitches
id
denise
bulleti
newton
whatnot
dato
treballador
696969
babylon5
estrella
poonam
angela
wwwjoin
kerry
walter
classic
yellow
mailer
beaver
90210
carmen
